// Jest Snapshot v1, https://goo.gl/fbAQLP

exports[`Friends Component 1`] = `
<div>
  Friends Page
</div>
`;
