// Jest Snapshot v1, https://goo.gl/fbAQLP

exports[`App Container 1`] = `
<div
  className="app"
>
  My App
</div>
`;
